eeschema (2010-05-05 BZR 2356)-stable  >> Creation date: mar. 07 sept. 2010 22:03:20 CEST

#Cmp ( ordre = Référence )
| C1         22p         
| C2         22p         
| C3         22p         
| C4         22p         
| C5         22p         
| C6         22p         
| C7         100n        
| C8         100n        
| C9         100n        
| C10        100n        
| C11        100n        
| C12        100n        
| C13        100n        
| C14        100n        
| C15        100n        
| C16        100n        
| C17        100n        
| C18        100n        
| D1         DIODE       
| D2         LED         
| D3         DIODE       
| D4         LED         
| D7         DIODE       
| D8         LED         
| D9         DIODE       
| D10        LED         
| D13        DIODE       
| D14        LED         
| D15        DIODE       
| D16        LED         
| D19        LED         
| D20        LED         
| D21        LED         
| D22        LED         
| D23        LED         
| D24        LED         
| D25        LED         
| D26        LED         
| D27        LED         
| D28        LED         
| D29        LED         
| D30        LED         
| D31        LED         
| D32        LED         
| D33        LED         
| D34        LED         
| D35        LED         
| D36        LED         
| D37        LED         
| D38        LED         
| J1         RJ12        
| J2         RJ12        
| J3         RJ12        
| K1         RELAY_A_2RT 
| K2         RELAY_1RT_FINDER
| K4         RELAY_A_2RT 
| K5         RELAY_1RT_FINDER
| K7         RELAY_A_2RT 
| K8         RELAY_1RT_FINDER
| K10        CONN_2      
| K11        CONN_3      
| K12        CONN_3      
| K13        CONN_3      
| K14        CONN_3      
| K15        CONN_3      
| K16        CONN_3      
| K17        CONN_2      
| K18        CONN_3      
| K19        CONN_3      
| K20        CONN_3      
| K21        CONN_3      
| K22        CONN_3      
| K23        CONN_3      
| K24        CONN_3      
| K25        CONN_3      
| K26        CONN_3      
| K27        CONN_2      
| K28        CONN_2      
| K29        CONN_3      
| K30        CONN_3      
| K31        CONN_3      
| K32        CONN_3      
| K33        CONN_3      
| K34        CONN_3      
| K35        CONN_2      
| K36        CONN_3      
| K37        CONN_3      
| K38        CONN_3      
| K39        CONN_3      
| K40        CONN_3      
| K41        CONN_3      
| K42        CONN_3      
| K43        CONN_3      
| K44        CONN_3      
| K45        CONN_2      
| K46        CONN_2      
| K47        CONN_3      
| K48        CONN_3      
| K49        CONN_3      
| K50        CONN_3      
| K51        CONN_3      
| K52        CONN_3      
| K53        CONN_2      
| K54        CONN_3      
| K55        CONN_3      
| K56        CONN_3      
| K57        CONN_3      
| K58        CONN_3      
| K59        CONN_3      
| K60        CONN_3      
| K61        CONN_3      
| K62        CONN_3      
| K63        CONN_2      
| P1         CONN_12     
| P2         HE10-40     
| P3         CONN_4      
| P4         CONN_4      
| P5         CONN_8      
| P6         CONN_6      
| P7         CONN_6      
| P8         CONN_4      
| P9         CONN_4      
| P10        CONN_8      
| P11        CONN_6      
| P12        CONN_6      
| P13        CONN_4      
| P14        CAVALIER2   
| P15        CAVALIER2   
| P16        CAVALIER2   
| P17        CAVALIER2   
| P18        CONN_9      
| P19        CAVALIER2   
| P20        CAVALIER2   
| P21        CAVALIER2   
| P22        CAVALIER2   
| P23        CAVALIER2   
| P24        CAVALIER2   
| P25        CONN_9      
| P26        CAVALIER2   
| P27        CAVALIER2   
| P28        CONN_9      
| P29        CAVALIER2   
| P30        CAVALIER2   
| P31        CAVALIER2   
| P32        CONN_4      
| P33        CONN_4      
| P34        CONN_4      
| P35        CONN_4      
| P36        CAVALIER    
| P37        CAVALIER    
| P38        CAVALIER    
| P40        CAVALIER    
| P41        CAVALIER    
| P42        CONN_4      
| P43        CONN_4      
| P44        CONN_4      
| Q1         BSS123      
| Q2         BSS123      
| Q4         BSS123      
| Q5         BSS123      
| Q7         BSS123      
| Q8         BSS123      
| R1         820         
| R2         820         
| R4         820         
| R5         820         
| R7         820         
| R8         820         
| R10        10k         
| R11        15          
| R12        R           
| R13        R           
| R14        470         
| R15        470         
| R16        470         
| R17        470         
| R18        470         
| R19        470         
| R20        470         
| R21        470         
| R22        470         
| R23        470         
| R24        10k         
| R25        15          
| R26        470         
| R27        470         
| R28        470         
| R29        470         
| R30        470         
| R31        470         
| R32        470         
| R33        470         
| R34        470         
| R35        470         
| R36        10k         
| R37        15          
| R38        470         
| R39        470         
| R40        470         
| R41        470         
| R42        470         
| R43        470         
| R44        470         
| R45        470         
| R46        470         
| R47        470         
| R48        1K          
| R49        820         
| R50        680         
| R51        330         
| R52        220         
| SW1        SW_PUSH_SMALL
| SW2        SW_PUSH_SMALL
| SW3        SW_PUSH_SMALL
| SW4        SW_PUSH_SMALL
| SW5        SW_PUSH_SMALL
| SW6        SW_PUSH_SMALL
| U1         DSPIC30F4013
| U2         DSPIC30F4013
| U3         DSPIC30F4013
| X1         CRYSTAL1    
| X2         CRYSTAL1    
| X3         CRYSTAL1    
#End Cmp

#End List
