eeschema (2010-05-05 BZR 2356)-stable  >> Creation date: sam. 06 nov. 2010 23:27:41 CET

#Cmp ( ordre = Référence )
| C1         22p         ;             
| C2         22p         ;             
| D1         LED 0603    ;             
| D2         LED 0603    ;             
| D3         LED         ;             
| D4         LED         ;             
| D5         LED         ;             
| D6         LED         ;             
| D7         LED         ;             
| D8         LED         ;             
| D9         LED         ;             
| D10        LED         ;             
| D11        LED         ;             
| D12        LED         ;             
| D13        LED         ;             
| D14        LED         ;             
| D15        LED         ;             
| J1         RJ12        ;             
| K1         CONN_2      ;             
| K5         1_PAD       ;             
| K6         1_PAD       ;             
| K7         1_PAD       ;             
| K8         1_PAD       ;             
| K9         1_PAD       ;             
| K10        1_PAD       ;             
| K11        CONN_3      ;             
| K12        CONN_3      ;             
| K13        CONN_3      ;             
| K14        CONN_3      ;             
| K15        CONN_3      ;             
| K16        CONN_3      ;             
| K17        CONN_3      ;             
| K18        CONN_3      ;             
| P1         CONN_4      ;             
| P2         CONN_4      ;             
| P3         CONN_2      ;             
| P4         CONN_4      ;             
| P5         CONN_4      ;             
| P6         CONN_4      ;             
| P7         CONN_4      ;             
| P8         CONN_4      ;             
| R1         1k          ;             
| R2         2.1k        ;             
| R3         10k         ;             
| R4         1.5k        ;             
| R5         1.5k        ;             
| R6         1.5k        ;             
| R7         1.5k        ;             
| R8         1.5k        ;             
| R9         1.5k        ;             
| R10        1.5k        ;             
| R11        1.5k        ;             
| R12        1.5k        ;             
| R13        1.5k        ;             
| R14        1.5k        ;             
| R15        1.5k        ;             
| R16        1.5k        ;             
| R17        1.5k        ;             
| R18        1.5k        ;             
| R19        1.5k        ;             
| R20        1.5k        ;             
| R21        1.5k        ;             
| R22        1.5k        ;             
| R23        1.5k        ;             
| R24        1.5k        ;             
| R25        1.5k        ;             
| R26        1.5k        ;             
| R27        1.5k        ;             
| R28        1.5k        ;             
| R29        1.5k        ;             
| SW1        SW_PUSH_SMALL;             
| U1         ZIG-BEE_RS232;             
| U2         TRACO-15-1211;             
| U3         TRACO-3-1212;             
| U4         DSPIC30F4013;             
| X1         7.3728Mhz   ;             
#End Cmp

#Cmp ( ordre = Valeur )
| 1.5k         R4        ;             
| 1.5k         R5        ;             
| 1.5k         R6        ;             
| 1.5k         R7        ;             
| 1.5k         R8        ;             
| 1.5k         R9        ;             
| 1.5k         R10       ;             
| 1.5k         R11       ;             
| 1.5k         R12       ;             
| 1.5k         R13       ;             
| 1.5k         R14       ;             
| 1.5k         R15       ;             
| 1.5k         R16       ;             
| 1.5k         R17       ;             
| 1.5k         R18       ;             
| 1.5k         R19       ;             
| 1.5k         R20       ;             
| 1.5k         R21       ;             
| 1.5k         R22       ;             
| 1.5k         R23       ;             
| 1.5k         R24       ;             
| 1.5k         R25       ;             
| 1.5k         R26       ;             
| 1.5k         R27       ;             
| 1.5k         R28       ;             
| 1.5k         R29       ;             
| 10k          R3        ;             
| 1_PAD        K5        ;             
| 1_PAD        K6        ;             
| 1_PAD        K7        ;             
| 1_PAD        K8        ;             
| 1_PAD        K9        ;             
| 1_PAD        K10       ;             
| 1k           R1        ;             
| 2.1k         R2        ;             
| 22p          C1        ;             
| 22p          C2        ;             
| 7.3728Mhz    X1        ;             
| CONN_2       K1        ;             
| CONN_2       P3        ;             
| CONN_3       K11       ;             
| CONN_3       K12       ;             
| CONN_3       K13       ;             
| CONN_3       K14       ;             
| CONN_3       K15       ;             
| CONN_3       K16       ;             
| CONN_3       K17       ;             
| CONN_3       K18       ;             
| CONN_4       P1        ;             
| CONN_4       P2        ;             
| CONN_4       P4        ;             
| CONN_4       P5        ;             
| CONN_4       P6        ;             
| CONN_4       P7        ;             
| CONN_4       P8        ;             
| DSPIC30F4013 U4        ;             
| LED          D3        ;             
| LED          D4        ;             
| LED          D5        ;             
| LED          D6        ;             
| LED          D7        ;             
| LED          D8        ;             
| LED          D9        ;             
| LED          D10       ;             
| LED          D11       ;             
| LED          D12       ;             
| LED          D13       ;             
| LED          D14       ;             
| LED          D15       ;             
| LED 0603     D1        ;             
| LED 0603     D2        ;             
| RJ12         J1        ;             
| SW_PUSH_SMALL SW1       ;             
| TRACO-15-1211 U2        ;             
| TRACO-3-1212 U3        ;             
| ZIG-BEE_RS232 U1        ;             
#End Cmp

#End List
