eeschema (2010-05-05 BZR 2356)-stable  >> Creation date: lun. 07 juin 2010 23:13:50 CEST

#Cmp ( ordre = Référence )
| C1         10u/10V     
| D1         LED         
| D2         LED         
| D3         LED         
| D4         LED         
| D5         LED         
| D6         LED         
| K1         CONN_2      
| K2         CONN_2      
| K3         CONN_2      
| K4         CONN_2      
| K5         CONN_2      
| K6         CONN_2      
| K8         CONN_2      
| K9         CONN_2      
| K10        CONN_2      
| K11        CONN_2      
| K12        CONN_2      
| K13        CONN_2      
| K14        CONN_2      
| K15        CONN_2      
| K16        CONN_2      
| K19        CONN_2      
| K20        CONN_2      
| K21        CONN_2      
| K22        CONN_2      
| K23        CONN_2      
| K24        CONN_2      
| K25        CONN_3      
| K26        CONN_3      
| K27        CONN_3      
| K28        CONN_3      
| K29        CONN_3      
| K30        CONN_3      
| K31        CONN_2      
| P1         CONN_6      
| P7         CONN_12     
| P8         HE10-40     
| P10        CONN_8      
| P11        CONN_8      
| P13        CONN_4      
| P14        CONN_4      
| P15        CONN_4      
| P16        CONN_6      
| P17        CONN_2      
| P19        CONN_4      
| P20        CONN_4      
| P21        CONN_4      
| P22        CONN_4      
| P23        CONN_4      
| P24        CONN_4      
| P25        CONN_4      
| P26        CONN_6      
| P27        CONN_6      
| P28        CONN_6      
| P29        CONN_6      
| P30        CAVALIER    
| P31        ~           
| R1         R           
| R2         R           
| R3         R           
| R4         R           
| R5         R           
| R6         R           
| R7         3.3k        
| R8         3.3k        
| U1         LM1086-3.3  
| U2         TRACO-15-1211
| U3         TRACO-25-1212
| U4         TRACO-25-1211
#End Cmp

#Cmp ( ordre = Valeur )
| 10u/10V      C1        
| 3.3k         R7        
| 3.3k         R8        
| CAVALIER     P30       
| CONN_12      P7        
| CONN_2       K1        
| CONN_2       K2        
| CONN_2       K3        
| CONN_2       K4        
| CONN_2       K5        
| CONN_2       K6        
| CONN_2       K8        
| CONN_2       K9        
| CONN_2       K10       
| CONN_2       K11       
| CONN_2       K12       
| CONN_2       K13       
| CONN_2       K14       
| CONN_2       K15       
| CONN_2       K16       
| CONN_2       K19       
| CONN_2       K20       
| CONN_2       K21       
| CONN_2       K22       
| CONN_2       K23       
| CONN_2       K24       
| CONN_2       K31       
| CONN_2       P17       
| CONN_3       K25       
| CONN_3       K26       
| CONN_3       K27       
| CONN_3       K28       
| CONN_3       K29       
| CONN_3       K30       
| CONN_4       P13       
| CONN_4       P14       
| CONN_4       P15       
| CONN_4       P19       
| CONN_4       P20       
| CONN_4       P21       
| CONN_4       P22       
| CONN_4       P23       
| CONN_4       P24       
| CONN_4       P25       
| CONN_6       P1        
| CONN_6       P16       
| CONN_6       P26       
| CONN_6       P27       
| CONN_6       P28       
| CONN_6       P29       
| CONN_8       P10       
| CONN_8       P11       
| HE10-40      P8        
| LED          D1        
| LED          D2        
| LED          D3        
| LED          D4        
| LED          D5        
| LED          D6        
| LM1086-3.3   U1        
| R            R1        
| R            R2        
| R            R3        
| R            R4        
| R            R5        
| R            R6        
| TRACO-15-1211 U2        
| TRACO-25-1211 U4        
| TRACO-25-1212 U3        
| ~            P31       
#End Cmp

#End List
